running egg_info
creating ../../build/carla_interface/carla_interface.egg-info
writing ../../build/carla_interface/carla_interface.egg-info/PKG-INFO
writing dependency_links to ../../build/carla_interface/carla_interface.egg-info/dependency_links.txt
writing requirements to ../../build/carla_interface/carla_interface.egg-info/requires.txt
writing top-level names to ../../build/carla_interface/carla_interface.egg-info/top_level.txt
writing manifest file '../../build/carla_interface/carla_interface.egg-info/SOURCES.txt'
reading manifest file '../../build/carla_interface/carla_interface.egg-info/SOURCES.txt'
writing manifest file '../../build/carla_interface/carla_interface.egg-info/SOURCES.txt'
running build
running build_py
creating /home/arda/ros2_carla_ws/build/carla_interface/build
creating /home/arda/ros2_carla_ws/build/carla_interface/build/lib
creating /home/arda/ros2_carla_ws/build/carla_interface/build/lib/carla_interface
copying carla_interface/carla_node.py -> /home/arda/ros2_carla_ws/build/carla_interface/build/lib/carla_interface
copying carla_interface/__init__.py -> /home/arda/ros2_carla_ws/build/carla_interface/build/lib/carla_interface
running install
running install_lib
creating /home/arda/ros2_carla_ws/install/carla_interface/lib/python3.12/site-packages/carla_interface
copying /home/arda/ros2_carla_ws/build/carla_interface/build/lib/carla_interface/carla_node.py -> /home/arda/ros2_carla_ws/install/carla_interface/lib/python3.12/site-packages/carla_interface
copying /home/arda/ros2_carla_ws/build/carla_interface/build/lib/carla_interface/__init__.py -> /home/arda/ros2_carla_ws/install/carla_interface/lib/python3.12/site-packages/carla_interface
byte-compiling /home/arda/ros2_carla_ws/install/carla_interface/lib/python3.12/site-packages/carla_interface/carla_node.py to carla_node.cpython-312.pyc
byte-compiling /home/arda/ros2_carla_ws/install/carla_interface/lib/python3.12/site-packages/carla_interface/__init__.py to __init__.cpython-312.pyc
running install_data
creating /home/arda/ros2_carla_ws/install/carla_interface/share/ament_index
creating /home/arda/ros2_carla_ws/install/carla_interface/share/ament_index/resource_index
creating /home/arda/ros2_carla_ws/install/carla_interface/share/ament_index/resource_index/packages
copying resource/carla_interface -> /home/arda/ros2_carla_ws/install/carla_interface/share/ament_index/resource_index/packages
copying package.xml -> /home/arda/ros2_carla_ws/install/carla_interface/share/carla_interface
running install_egg_info
Copying ../../build/carla_interface/carla_interface.egg-info to /home/arda/ros2_carla_ws/install/carla_interface/lib/python3.12/site-packages/carla_interface-0.0.0-py3.12.egg-info
running install_scripts
writing list of installed files to '/home/arda/ros2_carla_ws/build/carla_interface/install.log'
