[0.957s] Invoking command in '/home/arda/ros2_carla_ws/src/carla_interface': DEBUGINFOD_URLS=https://debuginfod.ubuntu.com PYTHONPATH=/home/arda/ros2_carla_ws/build/carla_interface/prefix_override:/usr/lib/python3/dist-packages/colcon_core/task/python/colcon_distutils_commands:/home/arda/ros2_carla_ws/install/carla_interface/lib/python3.12/site-packages:${PYTHONPATH} /usr/bin/python3 -W ignore:setup.py install is deprecated -W ignore:easy_install command is deprecated setup.py egg_info --egg-base ../../build/carla_interface build --build-base /home/arda/ros2_carla_ws/build/carla_interface/build install --record /home/arda/ros2_carla_ws/build/carla_interface/install.log --single-version-externally-managed install_data
[1.227s] running egg_info
[1.228s] creating ../../build/carla_interface/carla_interface.egg-info
[1.249s] writing ../../build/carla_interface/carla_interface.egg-info/PKG-INFO
[1.250s] writing dependency_links to ../../build/carla_interface/carla_interface.egg-info/dependency_links.txt
[1.250s] writing requirements to ../../build/carla_interface/carla_interface.egg-info/requires.txt
[1.250s] writing top-level names to ../../build/carla_interface/carla_interface.egg-info/top_level.txt
[1.250s] writing manifest file '../../build/carla_interface/carla_interface.egg-info/SOURCES.txt'
[1.296s] reading manifest file '../../build/carla_interface/carla_interface.egg-info/SOURCES.txt'
[1.296s] writing manifest file '../../build/carla_interface/carla_interface.egg-info/SOURCES.txt'
[1.296s] running build
[1.296s] running build_py
[1.296s] creating /home/arda/ros2_carla_ws/build/carla_interface/build
[1.297s] creating /home/arda/ros2_carla_ws/build/carla_interface/build/lib
[1.297s] creating /home/arda/ros2_carla_ws/build/carla_interface/build/lib/carla_interface
[1.297s] copying carla_interface/carla_node.py -> /home/arda/ros2_carla_ws/build/carla_interface/build/lib/carla_interface
[1.297s] copying carla_interface/__init__.py -> /home/arda/ros2_carla_ws/build/carla_interface/build/lib/carla_interface
[1.297s] running install
[1.304s] running install_lib
[1.323s] creating /home/arda/ros2_carla_ws/install/carla_interface/lib/python3.12/site-packages/carla_interface
[1.324s] copying /home/arda/ros2_carla_ws/build/carla_interface/build/lib/carla_interface/carla_node.py -> /home/arda/ros2_carla_ws/install/carla_interface/lib/python3.12/site-packages/carla_interface
[1.324s] copying /home/arda/ros2_carla_ws/build/carla_interface/build/lib/carla_interface/__init__.py -> /home/arda/ros2_carla_ws/install/carla_interface/lib/python3.12/site-packages/carla_interface
[1.324s] byte-compiling /home/arda/ros2_carla_ws/install/carla_interface/lib/python3.12/site-packages/carla_interface/carla_node.py to carla_node.cpython-312.pyc
[1.326s] byte-compiling /home/arda/ros2_carla_ws/install/carla_interface/lib/python3.12/site-packages/carla_interface/__init__.py to __init__.cpython-312.pyc
[1.326s] running install_data
[1.327s] creating /home/arda/ros2_carla_ws/install/carla_interface/share/ament_index
[1.327s] creating /home/arda/ros2_carla_ws/install/carla_interface/share/ament_index/resource_index
[1.327s] creating /home/arda/ros2_carla_ws/install/carla_interface/share/ament_index/resource_index/packages
[1.327s] copying resource/carla_interface -> /home/arda/ros2_carla_ws/install/carla_interface/share/ament_index/resource_index/packages
[1.327s] copying package.xml -> /home/arda/ros2_carla_ws/install/carla_interface/share/carla_interface
[1.327s] running install_egg_info
[1.347s] Copying ../../build/carla_interface/carla_interface.egg-info to /home/arda/ros2_carla_ws/install/carla_interface/lib/python3.12/site-packages/carla_interface-0.0.0-py3.12.egg-info
[1.349s] running install_scripts
[1.485s] writing list of installed files to '/home/arda/ros2_carla_ws/build/carla_interface/install.log'
[1.523s] Invoked command in '/home/arda/ros2_carla_ws/src/carla_interface' returned '0': DEBUGINFOD_URLS=https://debuginfod.ubuntu.com PYTHONPATH=/home/arda/ros2_carla_ws/build/carla_interface/prefix_override:/usr/lib/python3/dist-packages/colcon_core/task/python/colcon_distutils_commands:/home/arda/ros2_carla_ws/install/carla_interface/lib/python3.12/site-packages:${PYTHONPATH} /usr/bin/python3 -W ignore:setup.py install is deprecated -W ignore:easy_install command is deprecated setup.py egg_info --egg-base ../../build/carla_interface build --build-base /home/arda/ros2_carla_ws/build/carla_interface/build install --record /home/arda/ros2_carla_ws/build/carla_interface/install.log --single-version-externally-managed install_data
