running egg_info
creating ../../build/control/control.egg-info
writing ../../build/control/control.egg-info/PKG-INFO
writing dependency_links to ../../build/control/control.egg-info/dependency_links.txt
writing requirements to ../../build/control/control.egg-info/requires.txt
writing top-level names to ../../build/control/control.egg-info/top_level.txt
writing manifest file '../../build/control/control.egg-info/SOURCES.txt'
reading manifest file '../../build/control/control.egg-info/SOURCES.txt'
writing manifest file '../../build/control/control.egg-info/SOURCES.txt'
running build
running build_py
creating /home/arda/ros2_carla_ws/build/control/build
creating /home/arda/ros2_carla_ws/build/control/build/lib
creating /home/arda/ros2_carla_ws/build/control/build/lib/control
copying control/__init__.py -> /home/arda/ros2_carla_ws/build/control/build/lib/control
running install
running install_lib
creating /home/arda/ros2_carla_ws/install/control/lib/python3.12/site-packages/control
copying /home/arda/ros2_carla_ws/build/control/build/lib/control/__init__.py -> /home/arda/ros2_carla_ws/install/control/lib/python3.12/site-packages/control
byte-compiling /home/arda/ros2_carla_ws/install/control/lib/python3.12/site-packages/control/__init__.py to __init__.cpython-312.pyc
running install_data
creating /home/arda/ros2_carla_ws/install/control/share/ament_index
creating /home/arda/ros2_carla_ws/install/control/share/ament_index/resource_index
creating /home/arda/ros2_carla_ws/install/control/share/ament_index/resource_index/packages
copying resource/control -> /home/arda/ros2_carla_ws/install/control/share/ament_index/resource_index/packages
copying package.xml -> /home/arda/ros2_carla_ws/install/control/share/control
running install_egg_info
Copying ../../build/control/control.egg-info to /home/arda/ros2_carla_ws/install/control/lib/python3.12/site-packages/control-0.0.0-py3.12.egg-info
running install_scripts
writing list of installed files to '/home/arda/ros2_carla_ws/build/control/install.log'
