[1.344s] Invoking command in '/home/arda/ros2_carla_ws/src/control': DEBUGINFOD_URLS=https://debuginfod.ubuntu.com PYTHONPATH=/home/arda/ros2_carla_ws/build/control/prefix_override:/usr/lib/python3/dist-packages/colcon_core/task/python/colcon_distutils_commands:/home/arda/ros2_carla_ws/install/control/lib/python3.12/site-packages:${PYTHONPATH} /usr/bin/python3 -W ignore:setup.py install is deprecated -W ignore:easy_install command is deprecated setup.py egg_info --egg-base ../../build/control build --build-base /home/arda/ros2_carla_ws/build/control/build install --record /home/arda/ros2_carla_ws/build/control/install.log --single-version-externally-managed install_data
[1.640s] running egg_info
[1.641s] creating ../../build/control/control.egg-info
[1.660s] writing ../../build/control/control.egg-info/PKG-INFO
[1.660s] writing dependency_links to ../../build/control/control.egg-info/dependency_links.txt
[1.660s] writing requirements to ../../build/control/control.egg-info/requires.txt
[1.660s] writing top-level names to ../../build/control/control.egg-info/top_level.txt
[1.660s] writing manifest file '../../build/control/control.egg-info/SOURCES.txt'
[1.701s] reading manifest file '../../build/control/control.egg-info/SOURCES.txt'
[1.702s] writing manifest file '../../build/control/control.egg-info/SOURCES.txt'
[1.702s] running build
[1.702s] running build_py
[1.702s] creating /home/arda/ros2_carla_ws/build/control/build
[1.702s] creating /home/arda/ros2_carla_ws/build/control/build/lib
[1.702s] creating /home/arda/ros2_carla_ws/build/control/build/lib/control
[1.703s] copying control/__init__.py -> /home/arda/ros2_carla_ws/build/control/build/lib/control
[1.703s] running install
[1.710s] running install_lib
[1.730s] creating /home/arda/ros2_carla_ws/install/control/lib/python3.12/site-packages/control
[1.730s] copying /home/arda/ros2_carla_ws/build/control/build/lib/control/__init__.py -> /home/arda/ros2_carla_ws/install/control/lib/python3.12/site-packages/control
[1.731s] byte-compiling /home/arda/ros2_carla_ws/install/control/lib/python3.12/site-packages/control/__init__.py to __init__.cpython-312.pyc
[1.731s] running install_data
[1.731s] creating /home/arda/ros2_carla_ws/install/control/share/ament_index
[1.732s] creating /home/arda/ros2_carla_ws/install/control/share/ament_index/resource_index
[1.732s] creating /home/arda/ros2_carla_ws/install/control/share/ament_index/resource_index/packages
[1.732s] copying resource/control -> /home/arda/ros2_carla_ws/install/control/share/ament_index/resource_index/packages
[1.732s] copying package.xml -> /home/arda/ros2_carla_ws/install/control/share/control
[1.732s] running install_egg_info
[1.753s] Copying ../../build/control/control.egg-info to /home/arda/ros2_carla_ws/install/control/lib/python3.12/site-packages/control-0.0.0-py3.12.egg-info
[1.754s] running install_scripts
[1.901s] writing list of installed files to '/home/arda/ros2_carla_ws/build/control/install.log'
[1.974s] Invoked command in '/home/arda/ros2_carla_ws/src/control' returned '0': DEBUGINFOD_URLS=https://debuginfod.ubuntu.com PYTHONPATH=/home/arda/ros2_carla_ws/build/control/prefix_override:/usr/lib/python3/dist-packages/colcon_core/task/python/colcon_distutils_commands:/home/arda/ros2_carla_ws/install/control/lib/python3.12/site-packages:${PYTHONPATH} /usr/bin/python3 -W ignore:setup.py install is deprecated -W ignore:easy_install command is deprecated setup.py egg_info --egg-base ../../build/control build --build-base /home/arda/ros2_carla_ws/build/control/build install --record /home/arda/ros2_carla_ws/build/control/install.log --single-version-externally-managed install_data
