[1.326s] Invoking command in '/home/arda/ros2_carla_ws/src/perception': DEBUGINFOD_URLS=https://debuginfod.ubuntu.com PYTHONPATH=/home/arda/ros2_carla_ws/build/perception/prefix_override:/usr/lib/python3/dist-packages/colcon_core/task/python/colcon_distutils_commands:/home/arda/ros2_carla_ws/install/perception/lib/python3.12/site-packages:${PYTHONPATH} /usr/bin/python3 -W ignore:setup.py install is deprecated -W ignore:easy_install command is deprecated setup.py egg_info --egg-base ../../build/perception build --build-base /home/arda/ros2_carla_ws/build/perception/build install --record /home/arda/ros2_carla_ws/build/perception/install.log --single-version-externally-managed install_data
[1.582s] running egg_info
[1.582s] creating ../../build/perception/perception.egg-info
[1.599s] writing ../../build/perception/perception.egg-info/PKG-INFO
[1.599s] writing dependency_links to ../../build/perception/perception.egg-info/dependency_links.txt
[1.599s] writing requirements to ../../build/perception/perception.egg-info/requires.txt
[1.599s] writing top-level names to ../../build/perception/perception.egg-info/top_level.txt
[1.600s] writing manifest file '../../build/perception/perception.egg-info/SOURCES.txt'
[1.636s] reading manifest file '../../build/perception/perception.egg-info/SOURCES.txt'
[1.637s] writing manifest file '../../build/perception/perception.egg-info/SOURCES.txt'
[1.637s] running build
[1.637s] running build_py
[1.637s] creating /home/arda/ros2_carla_ws/build/perception/build
[1.638s] creating /home/arda/ros2_carla_ws/build/perception/build/lib
[1.638s] creating /home/arda/ros2_carla_ws/build/perception/build/lib/perception
[1.638s] copying perception/__init__.py -> /home/arda/ros2_carla_ws/build/perception/build/lib/perception
[1.638s] running install
[1.644s] running install_lib
[1.663s] creating /home/arda/ros2_carla_ws/install/perception/lib/python3.12/site-packages/perception
[1.663s] copying /home/arda/ros2_carla_ws/build/perception/build/lib/perception/__init__.py -> /home/arda/ros2_carla_ws/install/perception/lib/python3.12/site-packages/perception
[1.663s] byte-compiling /home/arda/ros2_carla_ws/install/perception/lib/python3.12/site-packages/perception/__init__.py to __init__.cpython-312.pyc
[1.664s] running install_data
[1.664s] creating /home/arda/ros2_carla_ws/install/perception/share/ament_index
[1.664s] creating /home/arda/ros2_carla_ws/install/perception/share/ament_index/resource_index
[1.664s] creating /home/arda/ros2_carla_ws/install/perception/share/ament_index/resource_index/packages
[1.664s] copying resource/perception -> /home/arda/ros2_carla_ws/install/perception/share/ament_index/resource_index/packages
[1.664s] copying package.xml -> /home/arda/ros2_carla_ws/install/perception/share/perception
[1.664s] running install_egg_info
[1.684s] Copying ../../build/perception/perception.egg-info to /home/arda/ros2_carla_ws/install/perception/lib/python3.12/site-packages/perception-0.0.0-py3.12.egg-info
[1.685s] running install_scripts
[1.820s] writing list of installed files to '/home/arda/ros2_carla_ws/build/perception/install.log'
[1.867s] Invoked command in '/home/arda/ros2_carla_ws/src/perception' returned '0': DEBUGINFOD_URLS=https://debuginfod.ubuntu.com PYTHONPATH=/home/arda/ros2_carla_ws/build/perception/prefix_override:/usr/lib/python3/dist-packages/colcon_core/task/python/colcon_distutils_commands:/home/arda/ros2_carla_ws/install/perception/lib/python3.12/site-packages:${PYTHONPATH} /usr/bin/python3 -W ignore:setup.py install is deprecated -W ignore:easy_install command is deprecated setup.py egg_info --egg-base ../../build/perception build --build-base /home/arda/ros2_carla_ws/build/perception/build install --record /home/arda/ros2_carla_ws/build/perception/install.log --single-version-externally-managed install_data
